<!-- Author: Nebado -->
<!DOCTYPE html>
<html lang="en">
<head>
	<meta charset="UTF-8">
	<meta name="viewport" content="width=device-width, initial-scale=1.0">
	<title>Golden</title>
	<link rel="stylesheet" type="text/css" href="css/reset.css">
	<link rel="stylesheet" type="text/css" href="css/style.css">
</head>
<body>
	<div id="wrapper">
		<header id="header">
			<div class="container clearfix">
				<div class="logo left"><a href="#"><img src="img/logo.png" alt="logo"></img></a></div>
				<ul class="nav right">
					<li><a href="#">Home</a></li>
					<li><a href="#">Services</a></li>
					<li><a href="#">Portfolio</a></li>
					<li><a href="#">About</a></li>
					<li><a href="#">Contact</a></li>
				</ul>
			</div>
		</header><!-- /header -->
		<div id="home">
			<div class="container">
				<h3>Welcome To Our Studio!</h3>
				<h1>Itâ€™s nice to Meet you</h1>
				<button type="button" class="btn">Tell me more</button>
			</div>
		</div>
		<div id="services">
			<div class="container">
				<h2 class="title">Services</h2>
				<p class="descr">Proin iaculis purus consequat sem cure.</p>
				<div id="services-wrap" class="clearfix">
					<div class="service-item commerce">
						<h5>E-Commerce</h5>
						<p>Proin iaculis purus consequat sem cure
						digni ssim. Donec porttitora entum suscipit</p>
					</div>
					<div class="service-item responsive">
						<h5>Responsive Web</h5>
						<p>Proin iaculis purus consequat sem cure
						digni ssim. Donec porttitora entum suscipit</p>
					</div>
					<div class="service-item security">
						<h5>Web Security</h5>
						<p>Proin iaculis purus consequat sem cure
						digni ssim. Donec porttitora entum suscipit</p>
					</div>
				</div>
			</div>
		</div>
		<div id="portfolio">
			<div class="container">
				<h2 class="title">Our Portfoliio</h2>
				<p class="descr">Proin iaculis purus consequat sem cure.</p>
				<div id="portfolio-wrap" class="clearfix">
					<div class="portfolio-item">
						<img src="img/p-item1.jpg" alt="item1">
						<div class="p-item-footer">
							<h5>Ebony & Ivory</h5>
							<span>Branding</span>
						</div>
					</div>
					<div class="portfolio-item">
						<img src="img/p-item2.jpg" alt="item1">
						<div class="p-item-footer">
							<h5>Smart Stationary</h5>
							<span>Print Design</span>
						</div>
					</div>
					<div class="portfolio-item">
						<img src="img/p-item3.jpg" alt="item1">
						<div class="p-item-footer">
							<h5>Clever Poster</h5>
							<span>Print Design</span>
						</div>
					</div>
					<div class="portfolio-item">
						<img src="img/p-item4.jpg" alt="item1">
						<div class="p-item-footer">
							<h5>Vinyl Record</h5>
							<span>Product Mock-Up</span>
						</div>
					</div>
					<div class="portfolio-item">
						<img src="img/p-item5.jpg" alt="item1">
						<div class="p-item-footer">
							<h5>Treehouse Template</h5>
							<span>Web Design</span>
						</div>
					</div>
					<div class="portfolio-item">
						<img src="img/p-item6.jpg" alt="item1">
						<div class="p-item-footer">
							<h5>Burned Logo</h5>
							<span>Branding</span>
						</div>
					</div>
				</div>
			</div>
		</div>
		<div id="about">
			<div class="container">
				<h2 class="title">About</h2>
				<p class="descr">Proin iaculis purus consequat sem cure.</p>
				<div id="about-wrap" class="clearfix">
					<div class="about-item left">
						<div class="about-i-text left text-right">
							<h5><span class="up">July 2010</span> <br>Our Humble Beginnings</h5>
							<p>Proin iaculis purus consequat sem cure
							digni ssim. Donec porttitora entum suscipit
							aenean rhoncus posuere odio in tincidunt. Proin
							iaculis purus consequat sem cure digni
							ssim. Donec porttitora entum suscipit.</p>
						</div>
						<div class="about-i-img left">
							<img src="img/about-item1.jpg" alt="">
						</div>
					</div>
					<div class="about-item right">
						<div class="about-i-text right text-left">
							<h5><span class="up">January 2011</span> <br>Facing Startup Battles</h5>
							<p>Proin iaculis purus consequat sem cure
							digni ssim. Donec porttitora entum suscipit
							aenean rhoncus posuere odio in tincidunt. Proin
							iaculis purus consequat sem cure digni
							ssim. Donec porttitora entum suscipit.</p>
						</div>
						<div class="about-i-img right">
							<img src="img/about-item2.jpg"  height="170px" alt="">
						</div>
					</div>
					<div class="about-item left">
						<div class="about-i-text left text-right">
							<h5><span class="up">December 2012</span> <br>Enter The Dark Days</h5>
							<p>Proin iaculis purus consequat sem cure
							digni ssim. Donec porttitora entum suscipit
							aenean rhoncus posuere odio in tincidunt. Proin
							iaculis purus consequat sem cure digni
							ssim. Donec porttitora entum suscipit.</p>
						</div>
						<div class="about-i-img left">
							<img src="img/about-item3.jpg"  height="170px" alt="">
						</div>
					</div>
					<div class="about-item right">
						<div class="about-i-text right text-left">
							<h5><span class="up">February 2014</span> <br>Our Triumph</h5>
							<p>Proin iaculis purus consequat sem cure
							digni ssim. Donec porttitora entum suscipit
							aenean rhoncus posuere odio in tincidunt. Proin
							iaculis purus consequat sem cure digni
							ssim. Donec porttitora entum suscipit.</p>
						</div>
						<div class="about-i-img right">
							<img src="img/about-item4.jpg" alt="">
						</div>
					</div>
					<div class="about-item right">
						<div class="about-i-img-a">
							<h4><a href="#">Our<br>Story<br>Continues<br>...</a></h4>
						</div>
					</div>
				</div>
			</div>
		</div>
		<div id="team">
			<div class="container">
				<h2 class="title">Our Amazing Team</h2>
				<p class="descr">Proin iaculis purus consequat sem cure.</p>
				<div id="team-wrap" class="clearfix">
					<div class="team-item left">
						<div class="team-img">
							<img src="img/t-item.png" alt="team">
						</div>
						<h5>Rico Massimo</h5>
						<span class="cat">Coder</span>
						<div class="social">
							<a href="#" class="ic-tw"></a>
							<a href="#" class="ic-fb"></a>
							<a href="#" class="ic-pn"></a>
						</div>
					</div>
					<div class="team-item left">
						<div class="team-img">
							<img src="img/t-item.png" alt="team">
						</div>
						<h5>Uku Mason</h5>
						<span class="cat">Graphic Designer</span>
						<div class="social">
							<a href="#" class="ic-tw"></a>
							<a href="#" class="ic-fb"></a>
							<a href="#" class="ic-gp"></a>
						</div>
					</div>
					<div class="team-item left">
						<div class="team-img">
							<img src="img/t-item.png" alt="team">
						</div>
						<h5>Kimberly Thompson</h5>
						<span class="cat">Marketer</span>
						<div class="social">
							<a href="#" class="ic-fb"></a>
							<a href="#" class="ic-pn"></a>
						</div>
					</div>
					<p class="tex">Proin iaculis purus consequat sem cure  digni ssim donec porttitora entum suscipit
					aenean rhoncus posuere odio in tincidunt proin iaculis.</p>
				</div>
			</div>
		</div>
		<div id="brands">
			<div class="container">
				<a href="#"><img src="img/envato.jpg" alt=""></a>
				<a href="#"><img src="img/wordpress.png" alt=""></a>
				<a href="#"><img src="img/tuts.jpg" alt=""></a>
				<a href="#"><img src="img/microlancer.jpg" alt=""></a>
			</div>
		</div>
		<div id="contacts">
			<div class="container">
				<h2 class="title white">Contact Us</h2>
				<p class="descr">Proin iaculis purus consequat sem cure.</p>
				<form action="#" id="message">
					<div class="clearfix">
						<div class="left">
							<input type="text" placeholder="Your name *">
							<input type="text" placeholder="Your email *">
							<input type="text" placeholder="Subject">
						</div>
						<div class="right">
							<textarea cols="5" rows="5" placeholder="Your message *"></textarea>
						</div>
					</div>
					<input type="submit" value="SEND MESSAGE" class="btn">
				</form>
			</div>
		</div>
		<div id="copyright">
			<div class="container clearfix">
				<p class="left">&copy; Copyright 2019 FreebiesXpress.com</p>
				<div class="social left">
					<a href="#" class="ic-tw black">&nbsp;</a>
					<a href="#" class="ic-fb black">&nbsp;</a>
					<a href="#" class="ic-pn black">&nbsp;</a>
					<a href="#" class="ic-gp black">&nbsp;</a>
				</div>
				<div class="author right"><span>Nebado</span></div>
			</div>
		</div>
	</div>
</body>
</html>
